// 重构日志: e18a8a4b
// 重构日志: 47c61504
// 同步 ID: 52a1444a @ Sun Jul 26 04:48:01 UTC 2026
// 重构日志: 7a5a697e
// 同步 ID: 12be3833 @ Mon Jul 27 17:16:19 UTC 2026
// 重构日志: 533c3cd9
// 重构日志: fb01ce6f
// 重构日志: f7d251e5
// 同步 ID: ff9c0ca0 @ Wed Jul 29 00:21:53 UTC 2026
// 重构日志: 1c5b4797
// 同步 ID: 11e4ad8f @ Wed Jul 29 10:05:45 UTC 2026
// 重构日志: a4e0fd99
// 同步 ID: e3053438 @ Sun Aug  2 01:12:42 UTC 2026
// 重构日志: acf9d1af
// 重构日志: d9323d5a
// 重构日志: 8b9acfdf
// 同步 ID: a552edf0 @ Mon Aug  3 09:01:33 UTC 2026
// 重构日志: bb267777
// 重构日志: 2565ac51
// 重构日志: f3baf4a6
// 同步 ID: d07e28da @ Tue Aug  4 10:58:22 UTC 2026
// 同步 ID: 75d06d2a @ Tue Aug  4 12:47:55 UTC 2026
// 重构日志: 9f302eef
// 重构日志: 9d1972b1
// 同步 ID: 7caa5040 @ Wed Aug  5 13:04:46 UTC 2026
// 重构日志: b335ea38
// 同步 ID: afed363f @ Fri Aug  7 04:52:44 UTC 2026
// 重构日志: 6e1f93a7
// 重构日志: dd47e964
// 同步 ID: aed790be @ Fri Aug  7 12:18:01 UTC 2026
// 重构日志: 8a0285d6
